<?xml version="1.0"?>
<mapping version="2.00" codec="XCP">
    <outputs>
        <output name="Output_1" daq_event="10 ms">
            <assignment>
                <to>bit12Counter</to>
                <from>signals.bit12Counter</from>
                <type>tUInt16</type>
                <unit_conversion>false</unit_conversion>
                <limits>ignore</limits>
                <count>1</count>
            </assignment>
            <assignment>
                <to>Counter_B4</to>
                <from>signals.Counter_B4</from>
                <type>tUInt8</type>
                <unit_conversion>false</unit_conversion>
                <limits>ignore</limits>
                <raw_value>true</raw_value>
                <count>1</count>
            </assignment>
            <assignment>
                <to>Counter_B5</to>
                <from>signals.Counter_B5</from>
                <type>tUInt8</type>
                <unit_conversion>false</unit_conversion>
                <limits>ignore</limits>
                <raw_value>true</raw_value>
                <count>1</count>
            </assignment>
            <assignment>
                <to>Counter_B6</to>
                <from>signals.Counter_B6</from>
                <type>tUInt8</type>
                <unit_conversion>false</unit_conversion>
                <limits>ignore</limits>
                <raw_value>false</raw_value>
                <count>1</count>
            </assignment>
            <assignment>
                <to>KL1</to>
                <from>parameters.KL1</from>
                <type>tUInt8</type>
                <unit_conversion>false</unit_conversion>
                <limits>ignore</limits>
                <count>16</count>
            </assignment>
        </output>
        <output name="Output_2" daq_event="10 ms">
            <assignment>
                <to>BitSlice</to>
                <from>signals.BitSlice</from>
                <type>tUInt16</type>
                <unit_conversion>false</unit_conversion>
                <limits>ignore</limits>
                <count>1</count>
            </assignment>
            <assignment>
                <to>BitSlice0</to>
                <from>signals.BitSlice0</from>
                <type>tUInt8</type>
                <unit_conversion>false</unit_conversion>
                <limits>ignore</limits>
                <count>1</count>
            </assignment>
            <assignment>
                <to>BitSlice1</to>
                <from>signals.BitSlice1</from>
                <type>tUInt16</type>
                <unit_conversion>false</unit_conversion>
                <limits>ignore</limits>
                <count>1</count>
            </assignment>
            <assignment>
                <to>BitSlice2</to>
                <from>signals.BitSlice2</from>
                <type>tUInt8</type>
                <unit_conversion>false</unit_conversion>
                <limits>ignore</limits>
                <count>1</count>
            </assignment>
            <assignment>
                <to>KL1</to>
                <from>parameters.KL1</from>
                <type>tUInt8</type>
                <unit_conversion>false</unit_conversion>
                <limits>ignore</limits>
                <count>16</count>
            </assignment>
        </output>
        <output name="Ouput_3" polling_interval="100000">
            <assignment>
                <to>period</to>
                <from>parameters.period</from>
                <type>tFloat32</type>
                <unit_conversion>false</unit_conversion>
                <limits>ignore</limits>
                <count>1</count>
            </assignment>
            <assignment>
                <to>period_d</to>
                <from>parameters.period_d</from>
                <type>tFloat64</type>
                <unit_conversion>false</unit_conversion>
                <limits>ignore</limits>
                <count>1</count>
            </assignment>
            <assignment>
                <to>testudword1</to>
                <from>signals.testudword1</from>
                <type>tUInt32</type>
                <unit_conversion>false</unit_conversion>
                <limits>ignore</limits>
                <count>1</count>
            </assignment>
        </output>
    </outputs>
</mapping>
